
thread 'main' (14200) panicked at /rustc/48a229ceaefd4985c50990b14116b6d856af0985/library\core\src\slice\index.rs:1009:51:
range end index 12 out of range for slice of length 0
note: run with `RUST_BACKTRACE=1` environment variable to display a backtrace

thread 'main' (14200) panicked at /rustc/48a229ceaefd4985c50990b14116b6d856af0985/library\core\src\panicking.rs:225:5:
panic in a function that cannot unwind
stack backtrace:
   0:     0x7ff769b3b4f9 - <unknown>
   1:     0x7ff769b4ae91 - <unknown>
   2:     0x7ff769b40bc4 - <unknown>
   3:     0x7ff769b1f5e5 - <unknown>
   4:     0x7ff769b32bb8 - <unknown>
   5:     0x7ff769b32fd4 - <unknown>
   6:     0x7ff769b1f6f4 - <unknown>
   7:     0x7ff769b1d10f - <unknown>
   8:     0x7ff769b2001e - <unknown>
   9:     0x7ff76a7e4717 - <unknown>
  10:     0x7ff76a7e4691 - <unknown>
  11:     0x7ff76a7e484a - <unknown>
  12:     0x7ff76a0012ab - <unknown>
  13:     0x7ffe29bcbb00 - _CxxFrameHandler3
  14:     0x7ffe29bb3a9d - is_exception_typeof
  15:     0x7ffe29bcae8d - _C_specific_handler
  16:     0x7ffe29bb2ce2 - is_exception_typeof
  17:     0x7ffe29bcb8f8 - _CxxFrameHandler3
  18:     0x7ffe4712557f - _chkstk
  19:     0x7ffe46fd3680 - RtlUnwindEx
  20:     0x7ffe29bcb3d6 - _C_specific_handler
  21:     0x7ffe29bb1c20 - is_exception_typeof
  22:     0x7ffe29bb2dd8 - is_exception_typeof
  23:     0x7ffe29bcb8f8 - _CxxFrameHandler3
  24:     0x7ffe471254ff - _chkstk
  25:     0x7ffe4708bd25 - RtlWow64GetCurrentMachine
  26:     0x7ffe46fcf88d - RtlRaiseException
  27:     0x7ffe443b41ca - RaiseException
  28:     0x7ffe29bb55a9 - CxxThrowException
  29:     0x7ff769b40f1d - <unknown>
  30:     0x7ff769b40df5 - <unknown>
  31:     0x7ff769b1fdcf - <unknown>
  32:     0x7ff769b3300e - <unknown>
  33:     0x7ff769b1f6be - <unknown>
  34:     0x7ff769b1d10f - <unknown>
  35:     0x7ff769b2001e - <unknown>
  36:     0x7ff76a7e489d - <unknown>
  37:     0x7ff76a7e499b - <unknown>
  38:     0x7ff769c8c582 - <unknown>
  39:     0x7ff769c90b38 - <unknown>
  40:     0x7ff7698cc77d - <unknown>
  41:     0x7ff7698b74f5 - <unknown>
  42:     0x7ff769992801 - <unknown>
  43:     0x7ff7698b592d - <unknown>
  44:     0x7ff7698cb42d - <unknown>
  45:     0x7ff769a46a13 - <unknown>
  46:     0x7ff769a3fe46 - <unknown>
  47:     0x7ff76997688e - <unknown>
  48:     0x7ff769992a39 - <unknown>
  49:     0x7ff769974e6c - <unknown>
  50:     0x7ff769a29a48 - <unknown>
  51:     0x7ff769ff4592 - <unknown>
  52:     0x7ff769fffa95 - <unknown>
  53:     0x7ffe461c52c6 - CallWindowProcW
  54:     0x7ffe461c7035 - SendMessageW
  55:     0x7ffe461c6a04 - SendMessageW
  56:     0x7ffe461c67ef - SendMessageW
  57:     0x7ff769f9ac6a - <unknown>
  58:     0x7ff76980d1f7 - <unknown>
  59:     0x7ff769809361 - <unknown>
  60:     0x7ff7698254a6 - <unknown>
  61:     0x7ff7698504fc - <unknown>
  62:     0x7ff769b30f50 - <unknown>
  63:     0x7ff76980ce6c - <unknown>
  64:     0x7ff76a7c9700 - <unknown>
  65:     0x7ffe4560cd87 - BaseThreadInitThunk
  66:     0x7ffe4706caec - RtlUserThreadStart
thread caused non-unwinding panic. aborting.
